<html>
<body>
<pre>
<h1>µVision Build Log</h1>
<h2>Project:</h2>
D:\projects\stm32_project\stm32_project.uvproj
Project File Date:  08/21/2012

<h2>Output:</h2>
Rebuild target 'Target 1'
assembling startup_stm32f10x_hd.s...
compiling stm32f10x_gpio.c...
StdPeriph\src\stm32f10x_gpio.c(23): error:  #5: cannot open source input file "stm32f10x_gpio.h": No such file or directory
compiling stm32f10x_rcc.c...
StdPeriph\src\stm32f10x_rcc.c(23): error:  #5: cannot open source input file "stm32f10x_rcc.h": No such file or directory
compiling misc.c...
StdPeriph\src\misc.c(24): error:  #5: cannot open source input file "misc.h": No such file or directory
compiling core_cm3.c...
compiling stm32f10x_it.c...
CMSIS\stm32f10x.h(96): error:  #35: #error directive: "Please select first the target STM32F10x device used in your application (in stm32f10x.h file)"
compiling system_stm32f10x.c...
CMSIS\stm32f10x.h(96): error:  #35: #error directive: "Please select first the target STM32F10x device used in your application (in stm32f10x.h file)"
compiling main.c...
C:\Keil\ARM\Inc\ST\STM32F10x\stm32f10x.h(96): error:  #35: #error directive: "Please select first the target STM32F10x device used in your application (in stm32f10x.h file)"
Target not created
Rebuild target 'Target 1'
assembling startup_stm32f10x_hd.s...
compiling stm32f10x_gpio.c...
StdPeriph\src\stm32f10x_gpio.c(111): warning:  #223-D: function "assert_param" declared implicitly
StdPeriph\src\stm32f10x_gpio.c(178): warning:  #223-D: function "assert_param" declared implicitly
StdPeriph\src\stm32f10x_gpio.c(286): warning:  #223-D: function "assert_param" declared implicitly
StdPeriph\src\stm32f10x_gpio.c(308): warning:  #223-D: function "assert_param" declared implicitly
StdPeriph\src\stm32f10x_gpio.c(324): warning:  #223-D: function "assert_param" declared implicitly
StdPeriph\src\stm32f10x_gpio.c(346): warning:  #223-D: function "assert_param" declared implicitly
StdPeriph\src\stm32f10x_gpio.c(361): warning:  #223-D: function "assert_param" declared implicitly
StdPeriph\src\stm32f10x_gpio.c(377): warning:  #223-D: function "assert_param" declared implicitly
StdPeriph\src\stm32f10x_gpio.c(397): warning:  #223-D: function "assert_param" declared implicitly
StdPeriph\src\stm32f10x_gpio.c(420): warning:  #223-D: function "assert_param" declared implicitly
StdPeriph\src\stm32f10x_gpio.c(437): warning:  #223-D: function "assert_param" declared implicitly
StdPeriph\src\stm32f10x_gpio.c(466): warning:  #223-D: function "assert_param" declared implicitly
StdPeriph\src\stm32f10x_gpio.c(486): warning:  #223-D: function "assert_param" declared implicitly
StdPeriph\src\stm32f10x_gpio.c(554): warning:  #223-D: function "assert_param" declared implicitly
StdPeriph\src\stm32f10x_gpio.c(613): warning:  #223-D: function "assert_param" declared implicitly
StdPeriph\src\stm32f10x_gpio.c(632): warning:  #223-D: function "assert_param" declared implicitly
compiling stm32f10x_rcc.c...
StdPeriph\src\stm32f10x_rcc.c(273): warning:  #223-D: function "assert_param" declared implicitly
StdPeriph\src\stm32f10x_rcc.c(338): warning:  #223-D: function "assert_param" declared implicitly
StdPeriph\src\stm32f10x_rcc.c(357): warning:  #223-D: function "assert_param" declared implicitly
StdPeriph\src\stm32f10x_rcc.c(383): warning:  #223-D: function "assert_param" declared implicitly
StdPeriph\src\stm32f10x_rcc.c(404): warning:  #223-D: function "assert_param" declared implicitly
StdPeriph\src\stm32f10x_rcc.c(568): warning:  #223-D: function "assert_param" declared implicitly
StdPeriph\src\stm32f10x_rcc.c(612): warning:  #223-D: function "assert_param" declared implicitly
StdPeriph\src\stm32f10x_rcc.c(638): warning:  #223-D: function "assert_param" declared implicitly
StdPeriph\src\stm32f10x_rcc.c(664): warning:  #223-D: function "assert_param" declared implicitly
StdPeriph\src\stm32f10x_rcc.c(703): warning:  #223-D: function "assert_param" declared implicitly
StdPeriph\src\stm32f10x_rcc.c(731): warning:  #223-D: function "assert_param" declared implicitly
StdPeriph\src\stm32f10x_rcc.c(770): warning:  #223-D: function "assert_param" declared implicitly
StdPeriph\src\stm32f10x_rcc.c(832): warning:  #223-D: function "assert_param" declared implicitly
StdPeriph\src\stm32f10x_rcc.c(865): warning:  #223-D: function "assert_param" declared implicitly
StdPeriph\src\stm32f10x_rcc.c(882): warning:  #223-D: function "assert_param" declared implicitly
StdPeriph\src\stm32f10x_rcc.c(896): warning:  #223-D: function "assert_param" declared implicitly
StdPeriph\src\stm32f10x_rcc.c(1067): warning:  #223-D: function "assert_param" declared implicitly
StdPeriph\src\stm32f10x_rcc.c(1098): warning:  #223-D: function "assert_param" declared implicitly
StdPeriph\src\stm32f10x_rcc.c(1129): warning:  #223-D: function "assert_param" declared implicitly
StdPeriph\src\stm32f10x_rcc.c(1188): warning:  #223-D: function "assert_param" declared implicitly
StdPeriph\src\stm32f10x_rcc.c(1219): warning:  #223-D: function "assert_param" declared implicitly
StdPeriph\src\stm32f10x_rcc.c(1240): warning:  #223-D: function "assert_param" declared implicitly
StdPeriph\src\stm32f10x_rcc.c(1253): warning:  #223-D: function "assert_param" declared implicitly
StdPeriph\src\stm32f10x_rcc.c(1285): warning:  #223-D: function "assert_param" declared implicitly
StdPeriph\src\stm32f10x_rcc.c(1332): warning:  #223-D: function "assert_param" declared implicitly
StdPeriph\src\stm32f10x_rcc.c(1406): warning:  #223-D: function "assert_param" declared implicitly
StdPeriph\src\stm32f10x_rcc.c(1451): warning:  #223-D: function "assert_param" declared implicitly
compiling misc.c...
StdPeriph\src\misc.c(99): warning:  #223-D: function "assert_param" declared implicitly
StdPeriph\src\misc.c(117): warning:  #223-D: function "assert_param" declared implicitly
StdPeriph\src\misc.c(159): warning:  #223-D: function "assert_param" declared implicitly
StdPeriph\src\misc.c(178): warning:  #223-D: function "assert_param" declared implicitly
StdPeriph\src\misc.c(202): warning:  #223-D: function "assert_param" declared implicitly
compiling core_cm3.c...
compiling stm32f10x_it.c...
compiling system_stm32f10x.c...
compiling main.c...
App\main.c(35): warning:  #223-D: function "RCC_APB2PeriphClockCmd" declared implicitly
App\main.c(35): error:  #20: identifier "RCC_APB2Periph_GPIOB" is undefined
App\main.c(38): error:  #20: identifier "GPIO_InitStructure" is undefined
App\main.c(38): error:  #20: identifier "GPIO_Pin_5" is undefined
App\main.c(39): error:  #20: identifier "GPIO_Speed_50MHz" is undefined
App\main.c(40): error:  #20: identifier "GPIO_Mode_Out_PP" is undefined
App\main.c(41): warning:  #223-D: function "GPIO_Init" declared implicitly
App\main.c(46): warning:  #223-D: function "GPIO_Write" declared implicitly
Target not created
Rebuild target 'Target 1'
assembling startup_stm32f10x_hd.s...
compiling stm32f10x_gpio.c...
./CMSIS/stm32f10x.h(8297): error:  #5: cannot open source input file "stm32f10x_conf.h": No such file or directory
compiling stm32f10x_rcc.c...
./CMSIS/stm32f10x.h(8297): error:  #5: cannot open source input file "stm32f10x_conf.h": No such file or directory
compiling misc.c...
./CMSIS/stm32f10x.h(8297): error:  #5: cannot open source input file "stm32f10x_conf.h": No such file or directory
compiling core_cm3.c...
compiling stm32f10x_it.c...
CMSIS\stm32f10x.h(8297): error:  #5: cannot open source input file "stm32f10x_conf.h": No such file or directory
compiling system_stm32f10x.c...
CMSIS\stm32f10x.h(8297): error:  #5: cannot open source input file "stm32f10x_conf.h": No such file or directory
compiling main.c...
./CMSIS/stm32f10x.h(8297): error:  #5: cannot open source input file "stm32f10x_conf.h": No such file or directory
Target not created
Rebuild target 'Target 1'
assembling startup_stm32f10x_hd.s...
compiling stm32f10x_gpio.c...
compiling stm32f10x_rcc.c...
compiling misc.c...
compiling core_cm3.c...
compiling stm32f10x_it.c...
compiling system_stm32f10x.c...
compiling main.c...
App\main.c(39): error:  #20: identifier "GPIO_InitStructure" is undefined
Target not created
Rebuild target 'Target 1'
assembling startup_stm32f10x_hd.s...
compiling stm32f10x_gpio.c...
compiling stm32f10x_rcc.c...
compiling misc.c...
compiling core_cm3.c...
compiling stm32f10x_it.c...
compiling system_stm32f10x.c...
compiling main.c...
linking...
Program Size: Code=2680 RO-data=336 RW-data=40 ZI-data=1632  
"stm32_project.axf" - 0 Error(s), 0 Warning(s).
Load "D:\\projects\\stm32_project\\stm32_project.AXF" 
Erase Done.
Programming Done.
Verify OK.
Build target 'Target 1'
compiling main.c...
linking...
Program Size: Code=2680 RO-data=336 RW-data=40 ZI-data=1632  
"stm32_project.axf" - 0 Error(s), 0 Warning(s).
Load "D:\\projects\\stm32_project\\stm32_project.AXF" 
Erase Done.
Programming Done.
Verify OK.
Load "D:\\projects\\stm32_project\\stm32_project.AXF" 
Erase Done.
Programming Done.
Verify OK.
Application running ...
Rebuild target 'Target 1'
assembling startup_stm32f10x_hd.s...
compiling stm32f10x_gpio.c...
compiling stm32f10x_rcc.c...
compiling misc.c...
compiling core_cm3.c...
compiling stm32f10x_it.c...
compiling system_stm32f10x.c...
compiling main.c...
compiling list.c...
./FreeRTOS/include/FreeRTOS.h(80): error:  #5: cannot open source input file "FreeRTOSConfig.h": No such file or directory
compiling queue.c...
./FreeRTOS/include/FreeRTOS.h(80): error:  #5: cannot open source input file "FreeRTOSConfig.h": No such file or directory
compiling tasks.c...
./FreeRTOS/include/FreeRTOS.h(80): error:  #5: cannot open source input file "FreeRTOSConfig.h": No such file or directory
compiling timers.c...
./FreeRTOS/include/FreeRTOS.h(80): error:  #5: cannot open source input file "FreeRTOSConfig.h": No such file or directory
compiling port.c...
./FreeRTOS/include/FreeRTOS.h(80): error:  #5: cannot open source input file "FreeRTOSConfig.h": No such file or directory
Target not created
Build target 'Target 1'
compiling list.c...
./FreeRTOS/include/portable.h(320): error:  #5: cannot open source input file "portmacro.h": No such file or directory
compiling queue.c...
./FreeRTOS/include/portable.h(320): error:  #5: cannot open source input file "portmacro.h": No such file or directory
compiling tasks.c...
./FreeRTOS/include/portable.h(320): error:  #5: cannot open source input file "portmacro.h": No such file or directory
compiling timers.c...
./FreeRTOS/include/portable.h(320): error:  #5: cannot open source input file "portmacro.h": No such file or directory
compiling port.c...
./FreeRTOS/include/portable.h(320): error:  #5: cannot open source input file "portmacro.h": No such file or directory
Target not created
Build target 'Target 1'
compiling stm32f10x_gpio.c...
compiling stm32f10x_rcc.c...
compiling misc.c...
compiling core_cm3.c...
compiling stm32f10x_it.c...
compiling system_stm32f10x.c...
compiling main.c...
compiling list.c...
compiling queue.c...
compiling tasks.c...
compiling timers.c...
compiling port.c...
linking...
stm32_project.axf: Error: L6218E: Undefined symbol pvPortMalloc (referred from queue.o).
stm32_project.axf: Error: L6218E: Undefined symbol vPortFree (referred from queue.o).
Target not created
Build target 'Target 1'
compiling heap_2.c...
linking...
Program Size: Code=2680 RO-data=336 RW-data=40 ZI-data=1632  
"stm32_project.axf" - 0 Error(s), 0 Warning(s).
Rebuild target 'Target 1'
assembling startup_stm32f10x_hd.s...
compiling stm32f10x_gpio.c...
compiling stm32f10x_rcc.c...
compiling misc.c...
compiling core_cm3.c...
compiling stm32f10x_it.c...
compiling system_stm32f10x.c...
compiling main.c...
compiling list.c...
compiling queue.c...
compiling tasks.c...
compiling timers.c...
compiling port.c...
compiling heap_2.c...
linking...
Program Size: Code=2680 RO-data=336 RW-data=40 ZI-data=1632  
"stm32_project.axf" - 0 Error(s), 0 Warning(s).
Rebuild target 'Target 1'
assembling startup_stm32f10x_hd.s...
compiling stm32f10x_gpio.c...
compiling stm32f10x_rcc.c...
compiling misc.c...
compiling core_cm3.c...
compiling stm32f10x_it.c...
compiling system_stm32f10x.c...
compiling main.c...
compiling list.c...
compiling queue.c...
compiling tasks.c...
compiling timers.c...
compiling port.c...
compiling heap_2.c...
linking...
Program Size: Code=6172 RO-data=336 RW-data=128 ZI-data=19240  
"stm32_project.axf" - 0 Error(s), 0 Warning(s).
Build target 'Target 1'
compiling main.c...
./FreeRTOS/include/task.h(73): error:  #35: #error directive: "include FreeRTOS.h must appear in source files before include task.h"
Target not created
Build target 'Target 1'
compiling main.c...
App\main.c(32): warning:  #223-D: function "vTaskDelay" declared implicitly
App\main.c(49): error:  #268: declaration may not appear after executable statement in block
App\main.c(61): warning:  #223-D: function "xTaskCreate" declared implicitly
App\main.c(61): error:  #20: identifier "vTaskCode" is undefined
App\main.c(61): error:  #20: identifier "xTaskHandle" is undefined
App\main.c(61): error:  #29: expected an expression
App\main.c(61): error:  #18: expected a ")"
App\main.c(64): warning:  #223-D: function "vTaskStartScheduler" declared implicitly
Target not created
Build target 'Target 1'
compiling main.c...
App\main.c(50): error:  #268: declaration may not appear after executable statement in block
App\main.c(62): error:  #20: identifier "vTaskCode" is undefined
Target not created
Build target 'Target 1'
compiling main.c...
App\main.c(62): error:  #20: identifier "vTaskCode" is undefined
Target not created
Build target 'Target 1'
compiling main.c...
linking...
Program Size: Code=6472 RO-data=336 RW-data=128 ZI-data=19240  
"stm32_project.axf" - 0 Error(s), 0 Warning(s).
Load "D:\\projects\\stm32_project\\stm32_project.AXF" 
Erase Done.
Programming Done.
Verify OK.
Application running ...
Rebuild target 'stm32'
assembling startup_stm32f10x_hd.s...
compiling stm32f10x_gpio.c...
compiling stm32f10x_rcc.c...
compiling misc.c...
compiling core_cm3.c...
compiling stm32f10x_it.c...
compiling system_stm32f10x.c...
compiling main.c...
compiling list.c...
compiling queue.c...
compiling tasks.c...
compiling timers.c...
compiling port.c...
compiling heap_2.c...
linking...
Program Size: Code=6472 RO-data=336 RW-data=128 ZI-data=19240  
"stm32_project.axf" - 0 Error(s), 0 Warning(s).
Clean started: Project: 'stm32_project'
   deleting intermediate output files for target 'stm32'
Rebuild target 'stm32'
assembling startup_stm32f10x_hd.s...
compiling stm32f10x_gpio.c...
compiling stm32f10x_rcc.c...
compiling misc.c...
compiling core_cm3.c...
compiling stm32f10x_it.c...
compiling system_stm32f10x.c...
compiling main.c...
compiling list.c...
compiling queue.c...
compiling tasks.c...
compiling timers.c...
compiling port.c...
compiling heap_2.c...
linking...
Program Size: Code=6472 RO-data=336 RW-data=128 ZI-data=19240  
".\obj\stm32_project.axf" - 0 Error(s), 0 Warning(s).
Rebuild target 'stm32'
assembling startup_stm32f10x_hd.s...
compiling stm32f10x_gpio.c...
compiling stm32f10x_rcc.c...
compiling misc.c...
compiling core_cm3.c...
compiling stm32f10x_it.c...
compiling system_stm32f10x.c...
compiling main.c...
compiling list.c...
compiling queue.c...
compiling tasks.c...
compiling timers.c...
compiling port.c...
compiling heap_2.c...
linking...
Program Size: Code=5176 RO-data=336 RW-data=128 ZI-data=19240  
".\obj\stm32_project.axf" - 0 Error(s), 0 Warning(s).
Clean started: Project: 'stm32_project'
   deleting intermediate output files for target 'stm32'
